// Jest Snapshot v1, https://goo.gl/fbAQLP

exports[`Done component snapshot renders correctly 1`] = `
<section
  className="call"
>
  <div
    className="call_complete"
  >
    <h1
      className="call__title"
    />
    <p
      className="call__text"
    />
    <Translate(Promotion)
      currentIssue={
        Object {
          "categories": Array [],
          "id": 3,
          "inactive": false,
          "link": "",
          "linkTitle": "",
          "name": "",
          "outcomeModels": Array [
            Object {
              "label": "contact",
              "status": "contact",
            },
          ],
          "reason": "",
          "script": "",
          "slug": "",
        }
      }
      t={[Function]}
    />
    <p
      className="call__text"
    >
      <Trans
        i18nKey="callComplete.learnWhyCallingIsGreat"
        parent="span"
      >
        <Link
          replace={false}
          to="/about"
        >
          about-link-text-stub
        </Link>
      </Trans>
    </p>
    <Translate(Component)
      t={[Function]}
      totalCount={10000}
    />
  </div>
</section>
`;
