// Jest Snapshot v1, https://goo.gl/fbAQLP

exports[`snapshot should render correctly with an issue and NO group 1`] = `
<withRouter(CallPageView)
  callState={Object {}}
  history={Object {}}
  location={Object {}}
  match={
    Object {
      "isExact": true,
      "params": Object {
        "issueid": "100",
      },
      "path": "",
      "url": "",
    }
  }
  remoteState={Object {}}
/>
`;
