// Jest Snapshot v1, https://goo.gl/fbAQLP

exports[`Call component should be rendered if passed a valid object 1`] = `
<section
  className="call"
>
  <Translate(Component)
    currentIssue={
      Object {
        "categories": Array [],
        "id": "1",
        "inactive": false,
        "link": "",
        "linkTitle": "",
        "name": "testName",
        "outcomeModels": Array [],
        "reason": "",
        "script": "",
        "slug": "",
      }
    }
    t={[Function]}
  />
  <Translate(ContactDetails)
    contactIndex={0}
    currentIssue={
      Object {
        "categories": Array [],
        "id": "1",
        "inactive": false,
        "link": "",
        "linkTitle": "",
        "name": "testName",
        "outcomeModels": Array [],
        "reason": "",
        "script": "",
        "slug": "",
      }
    }
    t={[Function]}
  />
  <IssueLink
    issue={
      Object {
        "categories": Array [],
        "id": "1",
        "inactive": false,
        "link": "",
        "linkTitle": "",
        "name": "testName",
        "outcomeModels": Array [],
        "reason": "",
        "script": "",
        "slug": "",
      }
    }
  />
  <Translate(Component)
    contactIndex={0}
    issue={
      Object {
        "categories": Array [],
        "id": "1",
        "inactive": false,
        "link": "",
        "linkTitle": "",
        "name": "testName",
        "outcomeModels": Array [],
        "reason": "",
        "script": "",
        "slug": "",
      }
    }
    locationState={
      Object {
        "address": "1234",
        "cachedCity": "Anytown",
        "locationFetchType": "BROWSER_GEOLOCATION",
        "splitDistrict": false,
        "uiState": "LOCATION_FOUND",
      }
    }
    t={[Function]}
  />
  <Translate(withRouter(Outcomes))
    currentContactId=""
    currentIssue={
      Object {
        "categories": Array [],
        "id": "1",
        "inactive": false,
        "link": "",
        "linkTitle": "",
        "name": "testName",
        "outcomeModels": Array [],
        "reason": "",
        "script": "",
        "slug": "",
      }
    }
    numberContactsLeft={0}
    onSubmitOutcome={[Function]}
    t={[Function]}
  />
</section>
`;
