// Jest Snapshot v1, https://goo.gl/fbAQLP

exports[`MyImpact component snapshot renders correctly 1`] = `
<section
  className="impact"
>
  <h1
    className="impact__title"
  />
  <div>
    <h2
      className="impact_total"
    />
    <p>
      <a
        onClick={[Function]}
      >
        Sign in
      </a>
       to save your calls across devices, and track your weekly call streaks!
    </p>
  </div>
  <Translate(Component)
    t={[Function]}
    totalCount={1000}
  />
</section>
`;
