// Jest Snapshot v1, https://goo.gl/fbAQLP

exports[`MyImpact component snapshot renders correctly 1`] = `
<section
  className="impact"
>
  <h1
    className="impact__title"
  />
  <div>
    <h2
      className="impact_total"
      dangerouslySetInnerHTML={
        Object {
          "__html": undefined,
        }
      }
    />
  </div>
  <Translate(Component)
    t={[Function]}
    totalCount={1000}
  />
</section>
`;
