// Jest Snapshot v1, https://goo.gl/fbAQLP

exports[`About component snapshot renders correctly 1`] = `
<section
  className="about"
>
  <h1
    className="about__title"
  />
  <h2
    className="about__subtitle"
  />
  <p
    dangerouslySetInnerHTML={
      Object {
        "__html": undefined,
      }
    }
  />
  <p />
  <ul>
    <li>
      <span
        dangerouslySetInnerHTML={
          Object {
            "__html": undefined,
          }
        }
      />
    </li>
    <li>
      <span
        dangerouslySetInnerHTML={
          Object {
            "__html": undefined,
          }
        }
      />
    </li>
    <li>
      <span
        dangerouslySetInnerHTML={
          Object {
            "__html": undefined,
          }
        }
      />
    </li>
    <li>
      <span
        dangerouslySetInnerHTML={
          Object {
            "__html": undefined,
          }
        }
      />
    </li>
  </ul>
  <p
    dangerouslySetInnerHTML={
      Object {
        "__html": undefined,
      }
    }
  />
  <p
    dangerouslySetInnerHTML={
      Object {
        "__html": undefined,
      }
    }
  />
  <h2
    className="about__subtitle"
  />
  <p
    dangerouslySetInnerHTML={
      Object {
        "__html": undefined,
      }
    }
  />
  <p
    dangerouslySetInnerHTML={
      Object {
        "__html": undefined,
      }
    }
  />
  <h2
    className="about__subtitle"
  />
  <p
    dangerouslySetInnerHTML={
      Object {
        "__html": undefined,
      }
    }
  />
  <p
    dangerouslySetInnerHTML={
      Object {
        "__html": undefined,
      }
    }
  />
  <p
    dangerouslySetInnerHTML={
      Object {
        "__html": undefined,
      }
    }
  />
  <p
    dangerouslySetInnerHTML={
      Object {
        "__html": undefined,
      }
    }
  />
  <p
    dangerouslySetInnerHTML={
      Object {
        "__html": undefined,
      }
    }
  />
  <h2
    className="about__subtitle"
  />
  <p
    dangerouslySetInnerHTML={
      Object {
        "__html": undefined,
      }
    }
  />
  <p
    dangerouslySetInnerHTML={
      Object {
        "__html": undefined,
      }
    }
  />
</section>
`;
