// Jest Snapshot v1, https://goo.gl/fbAQLP

exports[`should render Donation component properly 1`] = `
<div
  className="logo__header__donate"
>
  <div
    className="layout"
  >
    <div
      className="logo__header__donatejustify"
    >
      <p
        className="logo__header__donatetext"
      >
        Get Involved:
      </p>
      <div
        className="logo__header__donatebutton"
      >
        <a
          href="https://airtable.com/shrSFvr3AlMKRRssx"
          rel="noopener"
          target="_blank"
        >
          Contact Us
        </a>
        <p>
          Get Your Own 5 Calls Page
        </p>
      </div>
      <div
        className="logo__header__donatebutton"
      >
        <a
          href="https://github.com/5calls/5calls/wiki/Getting-Involved-with-5-Calls-Development"
          rel="noopener"
          target="_blank"
        >
          Projects
        </a>
        <p>
          Contribute Design or Code
        </p>
      </div>
      <div
        className="logo__header__donatebutton"
      >
        <a
          href="https://secure.actblue.com/donate/5calls-donate?amount=25"
          rel="noopener"
          target="_blank"
        >
          Donate
        </a>
        <p>
          Be a 5 Calls Supporter
        </p>
      </div>
    </div>
  </div>
</div>
`;
