// Jest Snapshot v1, https://goo.gl/fbAQLP

exports[`should render Donation component properly 1`] = `
<div
  className="logo__header__donate"
>
  <div
    className="layout"
  >
    <p
      className="logo__header__donatetext"
    >
      <a
        href="https://secure.actblue.com/donate/5calls-donate"
        target="_blank"
      >
        5 Calls is powered by donations from members like you
      </a>
    </p>
    <div
      className="logo__header__donatebutton"
    >
      <a
        href="https://secure.actblue.com/donate/5calls-donate?amount=10"
        target="_blank"
      >
        $10
      </a>
      <p>
        Supports 200 calls to Congress
      </p>
    </div>
    <div
      className="logo__header__donatebutton"
    >
      <a
        href="https://secure.actblue.com/donate/5calls-donate?amount=15"
        target="_blank"
      >
        $15
      </a>
      <p>
        Supports outreach to new activists
      </p>
    </div>
    <div
      className="logo__header__donatebutton"
    >
      <a
        href="https://secure.actblue.com/donate/5calls-donate?amount=25"
        target="_blank"
      >
        $25
      </a>
      <p>
        Support issue research and writeups
      </p>
    </div>
    <div
      className="logo__header__donatebutton"
    >
      <a
        href="https://secure.actblue.com/donate/5calls-donate?amount=100"
        target="_blank"
      >
        $100
      </a>
      <p>
        Keeps the server running for a month
      </p>
    </div>
  </div>
</div>
`;
